A or B true
NoParameters() false
NoParameters, no parenthesis false
